on submitting attendant page

Notice: Undefined index: productId in C:\xampp\htdocs\shopdb\shop.php on line 8

Notice: Undefined index: productName in C:\xampp\htdocs\shopdb\shop.php on line 9

Notice: Undefined index: stock in C:\xampp\htdocs\shopdb\shop.php on line 10

Notice: Undefined index: price in C:\xampp\htdocs\shopdb\shop.php on line 11

Fatal error: Uncaught Error: Call to undefined method mysqli_stmt::excute() in C:\xampp\htdocs\shopdb\shop.php:19 Stack trace: #0 {main} thrown in C:\xampp\htdocs\shopdb\shop.php on line 19



on submitting admin page
Notice: Undefined index: itemName in C:\xampp\htdocs\shopdb\shop.php on line 3

Notice: Undefined index: itemId in C:\xampp\htdocs\shopdb\shop.php on line 4

Notice: Undefined index: unitPrice in C:\xampp\htdocs\shopdb\shop.php on line 5

Notice: Undefined index: quantity in C:\xampp\htdocs\shopdb\shop.php on line 6

Fatal error: Uncaught Error: Call to undefined method mysqli_stmt::excute() in C:\xampp\htdocs\shopdb\shop.php:19 Stack trace: #0 {main} thrown in C:\xampp\htdocs\shopdb\shop.php on line 19